../Core/Src/main.c:114:5:main	8	static
../Core/Src/main.c:203:6:SystemClock_Config	88	static
../Core/Src/main.c:249:13:MX_USART3_UART_Init	8	static
../Core/Src/main.c:282:13:MX_GPIO_Init	48	static
../Core/Src/main.c:305:6:HAL_UARTEx_RxEventCallback	16	static
../Core/Src/main.c:314:6:ControlLed	24	static
../Core/Src/main.c:348:6:RcvUART_TaskHandler	24	static
../Core/Src/main.c:372:6:LedControl_TaskHandler	72	static
../Core/Src/main.c:401:6:Print_TaskHandler	32	static
../Core/Src/main.c:432:6:Error_Handler	4	static,ignoring_inline_asm
